[softivuspro.com/oddsx/oddsx/index.html]
[backblue.gif]
[fade.gif]
[index.html]
[softivuspro.com/oddsx/oddsx/assets/images/fav.png]
[softivuspro.com/oddsx/oddsx/assets/css/style.min.css]
[softivuspro.com/oddsx/oddsx/floorball.html]
[softivuspro.com/oddsx/oddsx/soccer.html]
[softivuspro.com/oddsx/oddsx/ecricket.html]
[softivuspro.com/oddsx/oddsx/cycling.html]
[softivuspro.com/oddsx/oddsx/promotions.html]
[softivuspro.com/oddsx/oddsx/login.html]
[softivuspro.com/oddsx/oddsx/create-acount.html]
[softivuspro.com/oddsx/oddsx/assets/images/icon/lang-usa.png]
[softivuspro.com/oddsx/oddsx/assets/images/icon/lang-china.png]
[softivuspro.com/oddsx/oddsx/assets/images/icon/lang-brazil.png]
[softivuspro.com/oddsx/oddsx/assets/images/icon/lang-canada.png]
[softivuspro.com/oddsx/oddsx/assets/images/icon/lang-france.png]
[softivuspro.com/oddsx/oddsx/assets/images/icon/lang-italy.png]
[softivuspro.com/oddsx/oddsx/assets/images/logo.png]
[softivuspro.com/oddsx/oddsx/assets/images/logo-text.png]
[softivuspro.com/oddsx/oddsx/efighting.html]
[softivuspro.com/oddsx/oddsx/assets/images/icon/soccer-icon.png]
[softivuspro.com/oddsx/oddsx/tennis.html]
[softivuspro.com/oddsx/oddsx/basketball.html]
[softivuspro.com/oddsx/oddsx/assets/images/icon/basketball.png]
[softivuspro.com/oddsx/oddsx/cricket.html]
[softivuspro.com/oddsx/oddsx/assets/images/icon/cricket.png]
[softivuspro.com/oddsx/oddsx/assets/images/icon/ecricket.png]
[softivuspro.com/oddsx/oddsx/american-football.html]
[softivuspro.com/oddsx/oddsx/assets/images/icon/america-football.png]
[softivuspro.com/oddsx/oddsx/ice-hockey.html]
[softivuspro.com/oddsx/oddsx/assets/images/icon/ice-hockey.png]
[softivuspro.com/oddsx/oddsx/nba-2k.html]
[softivuspro.com/oddsx/oddsx/assets/images/icon/nba2k.png]
[softivuspro.com/oddsx/oddsx/volleyball.html]
[softivuspro.com/oddsx/oddsx/assets/images/icon/volleyball.png]
[softivuspro.com/oddsx/oddsx/fifa-volta.html]
[softivuspro.com/oddsx/oddsx/assets/images/icon/fifa-volta.png]
[softivuspro.com/oddsx/oddsx/penalty-shootout.html]
[softivuspro.com/oddsx/oddsx/assets/images/icon/penalty-shootout.png]
[softivuspro.com/oddsx/oddsx/handball.html]
[softivuspro.com/oddsx/oddsx/assets/images/icon/handball.png]
[softivuspro.com/oddsx/oddsx/table-tennis.html]
[softivuspro.com/oddsx/oddsx/assets/images/icon/table-tennis.png]
[softivuspro.com/oddsx/oddsx/kabaddi.html]
[softivuspro.com/oddsx/oddsx/assets/images/icon/kabaddi.png]
[softivuspro.com/oddsx/oddsx/assets/images/icon/efighting.png]
[softivuspro.com/oddsx/oddsx/erocket-league.html]
[softivuspro.com/oddsx/oddsx/assets/images/icon/erocket-league.png]
[softivuspro.com/oddsx/oddsx/aussie-rules.html]
[softivuspro.com/oddsx/oddsx/assets/images/icon/aussie-rules.png]
[softivuspro.com/oddsx/oddsx/rugby.html]
[softivuspro.com/oddsx/oddsx/assets/images/icon/rugby.png]
[softivuspro.com/oddsx/oddsx/eshooter.html]
[softivuspro.com/oddsx/oddsx/assets/images/icon/eshooter.png]
[softivuspro.com/oddsx/oddsx/boxing.html]
[softivuspro.com/oddsx/oddsx/assets/images/icon/boxing.png]
[softivuspro.com/oddsx/oddsx/mma.html]
[softivuspro.com/oddsx/oddsx/assets/images/icon/mma.png]
[softivuspro.com/oddsx/oddsx/futsal.html]
[softivuspro.com/oddsx/oddsx/assets/images/icon/futsal.png]
[softivuspro.com/oddsx/oddsx/bandy.html]
[softivuspro.com/oddsx/oddsx/assets/images/icon/bandy.png]
[softivuspro.com/oddsx/oddsx/waterpolo.html]
[softivuspro.com/oddsx/oddsx/assets/images/icon/waterpolo.png]
[softivuspro.com/oddsx/oddsx/assets/images/icon/floorball.png]
[softivuspro.com/oddsx/oddsx/assets/images/icon/cycling.png]
[softivuspro.com/oddsx/oddsx/specials.html]
[softivuspro.com/oddsx/oddsx/assets/images/icon/specials.png]
[softivuspro.com/oddsx/oddsx/darts.html]
[softivuspro.com/oddsx/oddsx/assets/images/icon/darts.png]
[softivuspro.com/oddsx/oddsx/squash.html]
[softivuspro.com/oddsx/oddsx/assets/images/icon/squash.png]
[softivuspro.com/oddsx/oddsx/wrestling.html]
[softivuspro.com/oddsx/oddsx/assets/images/icon/wrestling.png]
[softivuspro.com/oddsx/oddsx/assets/images/icon/chealse.png]
[softivuspro.com/oddsx/oddsx/assets/images/icon/liverpool.png]
[softivuspro.com/oddsx/oddsx/assets/images/icon/king.png]
[softivuspro.com/oddsx/oddsx/assets/images/icon/tennis.png]
[softivuspro.com/oddsx/oddsx/assets/images/icon/updwon.png]
[softivuspro.com/oddsx/oddsx/assets/images/icon/t-shart.png]
[softivuspro.com/oddsx/oddsx/assets/images/icon/sivasspor.png]
[softivuspro.com/oddsx/oddsx/assets/images/icon/trabzonspor.png]
[softivuspro.com/oddsx/oddsx/assets/images/icon/line-chart.png]
[softivuspro.com/oddsx/oddsx/assets/images/icon/star.png]
[softivuspro.com/oddsx/oddsx/assets/images/icon/istanbul-basaksehir.png]
[softivuspro.com/oddsx/oddsx/assets/images/icon/pendikspor.png]
[softivuspro.com/oddsx/oddsx/assets/images/icon/star2.png]
[softivuspro.com/oddsx/oddsx/assets/images/icon/hellas-verona.png]
[softivuspro.com/oddsx/oddsx/assets/images/icon/us-lecce.png]
[softivuspro.com/oddsx/oddsx/assets/images/icon/bologna-fc.png]
[softivuspro.com/oddsx/oddsx/assets/images/icon/torino-fc.png]
[softivuspro.com/oddsx/oddsx/assets/images/icon/fulham-fc.png]
[softivuspro.com/oddsx/oddsx/assets/images/icon/wolverhampton.png]
[softivuspro.com/oddsx/oddsx/assets/images/icon/girona-fc.png]
[softivuspro.com/oddsx/oddsx/assets/images/icon/athletic2.png]
[softivuspro.com/oddsx/oddsx/assets/images/icon/goias.png]
[softivuspro.com/oddsx/oddsx/assets/images/icon/cruzeiro-ec.png]
[softivuspro.com/oddsx/oddsx/assets/images/icon/sivasspor2.png]
[softivuspro.com/oddsx/oddsx/assets/images/icon/cr-vasco.png]
[softivuspro.com/oddsx/oddsx/assets/images/icon/sc-corinthians.png]
[softivuspro.com/oddsx/oddsx/assets/images/icon/galatasaray.png]
[softivuspro.com/oddsx/oddsx/assets/images/icon/manchester.png]
[softivuspro.com/oddsx/oddsx/assets/images/icon/rcd.png]
[softivuspro.com/oddsx/oddsx/assets/images/icon/cadiz.png]
[softivuspro.com/oddsx/oddsx/assets/images/icon/santos.png]
[softivuspro.com/oddsx/oddsx/assets/images/icon/fils-arthur.png]
[softivuspro.com/oddsx/oddsx/assets/images/icon/nardi-luca.png]
[softivuspro.com/oddsx/oddsx/assets/images/icon/live.png]
[softivuspro.com/oddsx/oddsx/assets/images/icon/queensland.png]
[softivuspro.com/oddsx/oddsx/assets/images/icon/western-australia.png]
[softivuspro.com/oddsx/oddsx/assets/images/icon/Bangladesh.png]
[softivuspro.com/oddsx/oddsx/assets/images/icon/new-zealand.png]
[softivuspro.com/oddsx/oddsx/assets/images/icon/auckland-aces.png]
[softivuspro.com/oddsx/oddsx/assets/images/icon/nigeria.png]
[softivuspro.com/oddsx/oddsx/assets/images/icon/zimbabwe.png]
[softivuspro.com/oddsx/oddsx/assets/images/icon/play.png]
[softivuspro.com/oddsx/oddsx/assets/images/icon/australia.png]
[softivuspro.com/oddsx/oddsx/assets/images/icon/united-arab.png]
[softivuspro.com/oddsx/oddsx/assets/images/icon/basketball-two.png]
[softivuspro.com/oddsx/oddsx/assets/images/icon/cf-ttigres-uanl.png]
[softivuspro.com/oddsx/oddsx/assets/images/icon/club-america.png]
[softivuspro.com/oddsx/oddsx/assets/images/icon/cmn-footbal.png]
[softivuspro.com/oddsx/oddsx/assets/images/icon/live-match.png]
[softivuspro.com/oddsx/oddsx/assets/images/icon/borussia-bortmund.png]
[softivuspro.com/oddsx/oddsx/assets/images/icon/mainz.png]
[softivuspro.com/oddsx/oddsx/assets/images/icon/manchester-city.png]
[softivuspro.com/oddsx/oddsx/assets/images/icon/man-united.png]
[softivuspro.com/oddsx/oddsx/assets/images/icon/mail.png]
[softivuspro.com/oddsx/oddsx/assets/images/icon/al-faisaly.png]
[softivuspro.com/oddsx/oddsx/assets/images/icon/chelsea.png]
[softivuspro.com/oddsx/oddsx/assets/images/icon/man-utd.png]
[softivuspro.com/oddsx/oddsx/assets/images/icon/clock-icon.png]
[softivuspro.com/oddsx/oddsx/assets/images/icon/counter-strike.png]
[softivuspro.com/oddsx/oddsx/assets/images/icon/argentina.png]
[softivuspro.com/oddsx/oddsx/assets/images/icon/germany.png]
[softivuspro.com/oddsx/oddsx/assets/images/icon/real-kashmir.png]
[softivuspro.com/oddsx/oddsx/assets/images/icon/inter-kashi.png]
[softivuspro.com/oddsx/oddsx/assets/images/icon/incheon.png]
[softivuspro.com/oddsx/oddsx/assets/images/icon/yokohama.png]
[softivuspro.com/oddsx/oddsx/assets/images/icon/kawasaki.png]
[softivuspro.com/oddsx/oddsx/assets/images/icon/johor.png]
[softivuspro.com/oddsx/oddsx/assets/images/icon/bg-pathum.png]
[softivuspro.com/oddsx/oddsx/assets/images/icon/ulsan-hyundai.png]
[softivuspro.com/oddsx/oddsx/assets/images/icon/fc-shakhtar.png]
[softivuspro.com/oddsx/oddsx/assets/images/icon/shandong.png]
[softivuspro.com/oddsx/oddsx/assets/images/icon/kaya-fc.png]
[softivuspro.com/oddsx/oddsx/assets/images/icon/france.png]
[softivuspro.com/oddsx/oddsx/assets/images/icon/al-qaisumah.png]
[softivuspro.com/oddsx/oddsx/assets/images/icon/ho-chi-minh.png]
[softivuspro.com/oddsx/oddsx/assets/images/icon/b.binh.png]
[softivuspro.com/oddsx/oddsx/assets/images/icon/al-ain.png]
[softivuspro.com/oddsx/oddsx/assets/images/icon/feyenoord.png]
[softivuspro.com/oddsx/oddsx/assets/images/icon/rwanda.png]
[softivuspro.com/oddsx/oddsx/assets/images/icon/tanzania.png]
[softivuspro.com/oddsx/oddsx/assets/images/icon/sports-salzburg.png]
[softivuspro.com/oddsx/oddsx/assets/images/icon/visa.png]
[softivuspro.com/oddsx/oddsx/assets/images/icon/netent.png]
[softivuspro.com/oddsx/oddsx/assets/images/icon/mastercard.png]
[softivuspro.com/oddsx/oddsx/assets/images/icon/skrill.png]
[softivuspro.com/oddsx/oddsx/assets/images/icon/maestro.png]
[softivuspro.com/oddsx/oddsx/assets/images/icon/webmoney.png]
[softivuspro.com/oddsx/oddsx/assets/images/icon/neteller.png]
[softivuspro.com/oddsx/oddsx/assets/images/icon/debit.png]
[softivuspro.com/oddsx/oddsx/assets/images/icon/pragmathic-play.png]
[softivuspro.com/oddsx/oddsx/assets/images/icon/play-go.png]
[softivuspro.com/oddsx/oddsx/assets/images/icon/gamomat.png]
[softivuspro.com/oddsx/oddsx/assets/images/icon/paysafecard.png]
[softivuspro.com/oddsx/oddsx/assets/js/plugins/plugin-custom.js]
[softivuspro.com/oddsx/oddsx/index.html]
[softivuspro.com/oddsx/oddsx/assets/js/main.js]
[softivuspro.com/oddsx/oddsx/assets/js/plugins/plugins.js]
[softivuspro.com/oddsx/oddsx/assets/css/bootstrap.min.css]
[softivuspro.com/oddsx/oddsx/assets/css/plugins/fontawesome.min.css]
[softivuspro.com/oddsx/oddsx/assets/css/plugins/nice-select.css]
[softivuspro.com/oddsx/oddsx/assets/css/plugins/swiper.min.css]
[softivuspro.com/oddsx/oddsx/assets/css/plugins/jquery-ui-min.css]
[softivuspro.com/oddsx/oddsx/assets/css/plugins/materialicons.css]
[softivuspro.com/oddsx/oddsx/assets/css/style.min.css]
[cdn.jsdelivr.net/npm/@tabler/icons-webfont@2.36.0/tabler-icons.min.css]
[softivuspro.com/oddsx/oddsx/assets/images/icon/sweden.png]
[softivuspro.com/oddsx/oddsx/assets/images/icon/bandy2.png]
[softivuspro.com/oddsx/oddsx/assets/images/icon/ac-brive.png]
[softivuspro.com/oddsx/oddsx/assets/images/icon/colomiers-rugby.png]
[softivuspro.com/oddsx/oddsx/assets/images/icon/uson-nevers.png]
[softivuspro.com/oddsx/oddsx/assets/images/icon/stade-aur.png]
[softivuspro.com/oddsx/oddsx/assets/images/icon/us-montalbanaise.png]
[softivuspro.com/oddsx/oddsx/assets/images/icon/rugby-union.png]
[softivuspro.com/oddsx/oddsx/assets/images/icon/czech-republic.png]
[softivuspro.com/oddsx/oddsx/assets/images/icon/futsal-league.png]
[softivuspro.com/oddsx/oddsx/floorball.html]
[softivuspro.com/oddsx/oddsx/soccer.html]
[softivuspro.com/oddsx/oddsx/ecricket.html]
[softivuspro.com/oddsx/oddsx/assets/images/icon/cycling-big.png]
[softivuspro.com/oddsx/oddsx/cycling.html]
[softivuspro.com/oddsx/oddsx/assets/images/promotion2.png]
[softivuspro.com/oddsx/oddsx/assets/images/promotion1.png]
[softivuspro.com/oddsx/oddsx/assets/images/promotion4.png]
[softivuspro.com/oddsx/oddsx/assets/images/promotion3.png]
[softivuspro.com/oddsx/oddsx/promotions.html]
[softivuspro.com/oddsx/oddsx/assets/images/login.jpg]
[softivuspro.com/oddsx/oddsx/login.html]
[softivuspro.com/oddsx/oddsx/assets/images/create-acount.jpg]
[softivuspro.com/oddsx/oddsx/create-acount.html]
[softivuspro.com/oddsx/oddsx/assets/images/icon/gorilla-grodd.png]
[softivuspro.com/oddsx/oddsx/assets/images/icon/sub-zero.png]
[softivuspro.com/oddsx/oddsx/assets/images/icon/joker.png]
[softivuspro.com/oddsx/oddsx/assets/images/icon/robin.png]
[softivuspro.com/oddsx/oddsx/efighting.html]
[softivuspro.com/oddsx/oddsx/assets/images/icon/medjedovic-hamad.png]
[softivuspro.com/oddsx/oddsx/assets/images/icon/sticker.png]
[softivuspro.com/oddsx/oddsx/assets/images/icon/carle.png]
[softivuspro.com/oddsx/oddsx/tennis.html]
[softivuspro.com/oddsx/oddsx/basketball.html]
[softivuspro.com/oddsx/oddsx/cricket.html]
[softivuspro.com/oddsx/oddsx/american-football.html]
[softivuspro.com/oddsx/oddsx/ice-hockey.html]
[softivuspro.com/oddsx/oddsx/nba-2k.html]
[softivuspro.com/oddsx/oddsx/volleyball.html]
[softivuspro.com/oddsx/oddsx/fifa-volta.html]
[softivuspro.com/oddsx/oddsx/assets/images/icon/baroda.png]
[softivuspro.com/oddsx/oddsx/penalty-shootout.html]
[softivuspro.com/oddsx/oddsx/handball.html]
[softivuspro.com/oddsx/oddsx/assets/images/icon/sawicki.png]
[softivuspro.com/oddsx/oddsx/assets/images/icon/klos.png]
[softivuspro.com/oddsx/oddsx/assets/images/icon/ursu.png]
[softivuspro.com/oddsx/oddsx/assets/images/icon/mazaud.png]
[softivuspro.com/oddsx/oddsx/assets/images/icon/brazill.png]
[softivuspro.com/oddsx/oddsx/table-tennis.html]
[softivuspro.com/oddsx/oddsx/assets/images/icon/kabadi-big.png]
[softivuspro.com/oddsx/oddsx/kabaddi.html]
[softivuspro.com/oddsx/oddsx/erocket-league.html]
[softivuspro.com/oddsx/oddsx/assets/images/icon/australia2.png]
[softivuspro.com/oddsx/oddsx/aussie-rules.html]
[softivuspro.com/oddsx/oddsx/rugby.html]
[softivuspro.com/oddsx/oddsx/eshooter.html]
[softivuspro.com/oddsx/oddsx/assets/images/icon/portugal.png]
[softivuspro.com/oddsx/oddsx/boxing.html]
[softivuspro.com/oddsx/oddsx/assets/images/icon/rise.png]
[softivuspro.com/oddsx/oddsx/assets/images/icon/mma2.png]
[softivuspro.com/oddsx/oddsx/mma.html]
[softivuspro.com/oddsx/oddsx/assets/images/icon/poland2.png]
[softivuspro.com/oddsx/oddsx/assets/images/icon/russia.png]
[softivuspro.com/oddsx/oddsx/futsal.html]
[softivuspro.com/oddsx/oddsx/bandy.html]
[softivuspro.com/oddsx/oddsx/assets/images/icon/outrights-hugary.png]
[softivuspro.com/oddsx/oddsx/waterpolo.html]
[softivuspro.com/oddsx/oddsx/assets/images/icon/specials2.png]
[softivuspro.com/oddsx/oddsx/specials.html]
[softivuspro.com/oddsx/oddsx/assets/images/icon/darts-2.png]
[softivuspro.com/oddsx/oddsx/darts.html]
[softivuspro.com/oddsx/oddsx/assets/images/icon/squash-2.png]
[softivuspro.com/oddsx/oddsx/squash.html]
[softivuspro.com/oddsx/oddsx/assets/images/icon/japan.png]
[softivuspro.com/oddsx/oddsx/wrestling.html]
[softivuspro.com/oddsx/oddsx/assets/images/icon/otago-volts.png]
[softivuspro.com/oddsx/oddsx/${l}]
[softivuspro.com/oddsx/oddsx/e]
[softivuspro.com/oddsx/oddsx/t.params.url]
[softivuspro.com/oddsx/oddsx/assets/js/plugins/plugins.js]
[softivuspro.com/oddsx/oddsx/assets/js/plugins/plugin-custom.js]
[softivuspro.com/oddsx/oddsx/assets/js/main.js]
[softivuspro.com/oddsx/oddsx/assets/css/bootstrap.min.css]
[softivuspro.com/oddsx/oddsx/assets/webfonts/fa-brands-400.woff2]
[softivuspro.com/oddsx/oddsx/assets/webfonts/fa-brands-400.ttf]
[softivuspro.com/oddsx/oddsx/assets/webfonts/fa-regular-400.woff2]
[softivuspro.com/oddsx/oddsx/assets/webfonts/fa-regular-400.ttf]
[softivuspro.com/oddsx/oddsx/assets/webfonts/fa-solid-900.woff2]
[softivuspro.com/oddsx/oddsx/assets/webfonts/fa-solid-900.ttf]
[softivuspro.com/oddsx/oddsx/assets/webfonts/fa-v4compatibility.woff2]
[softivuspro.com/oddsx/oddsx/assets/css/plugins/fontawesome.min.css]
[softivuspro.com/oddsx/oddsx/assets/css/plugins/nice-select.css]
[softivuspro.com/oddsx/oddsx/assets/css/plugins/swiper.min.css]
[softivuspro.com/oddsx/oddsx/assets/css/plugins/jquery-ui-min.css]
[softivuspro.com/oddsx/oddsx/assets/webfonts/fa-v4compatibility.ttf]
[softivuspro.com/oddsx/oddsx/assets/webfonts/material-icon.woff2]
[softivuspro.com/oddsx/oddsx/assets/css/plugins/materialicons.css]
[cdn.jsdelivr.net/npm/@tabler/icons-webfont@2.36.0/fonts/tabler-iconsea40.eot]
[cdn.jsdelivr.net/npm/@tabler/icons-webfont@2.36.0/fonts/tabler-iconsd41d.eot]
[cdn.jsdelivr.net/npm/@tabler/icons-webfont@2.36.0/fonts/tabler-iconsea40.woff2]
[cdn.jsdelivr.net/npm/@tabler/icons-webfont@2.36.0/fonts/tabler-iconsd41d.woff]
[cdn.jsdelivr.net/npm/@tabler/icons-webfont@2.36.0/tabler-icons.min.css]
[softivuspro.com/oddsx/oddsx/${l}.html]
[softivuspro.com/oddsx/oddsx/e.html]
[softivuspro.com/oddsx/oddsx/t.params.html]
[cdn.jsdelivr.net/npm/@tabler/icons-webfont@2.36.0/fonts/tabler-iconsea40.ttf]
